
--- SOPHIA_ENV set to 'test' via pytest_configure ---
============================= test session starts ==============================
platform linux -- Python 3.12.11, pytest-8.4.2, pluggy-1.6.0
rootdir: /app
plugins: anyio-4.10.0, langsmith-0.4.28
collected 31 items

tests/test_advanced_memory.py .......                                    [ 22%]
tests/test_agent_file_system_integration.py ..                           [ 29%]
tests/test_agents_integration.py s                                       [ 32%]
tests/test_code_executor_tool.py .....                                   [ 48%]
tests/test_file_system_tool.py .........                                 [ 77%]
tests/test_full_agent_chain.py ..                                        [ 83%]
tests/test_gemini_llm_adapter.py ....                                    [ 96%]
tests/test_planner_agent.py .                                            [100%]

=============================== warnings summary ===============================
.venv/lib/python3.12/site-packages/memori/config/settings.py:59
  /app/.venv/lib/python3.12/site-packages/memori/config/settings.py:59: PydanticDeprecatedSince20: Pydantic V1 style `@validator` validators are deprecated. You should migrate to Pydantic V2 style `@field_validator` validators, see the migration guide for more details. Deprecated in Pydantic V2.0 to be removed in V3.0. See Pydantic V2 Migration Guide at https://errors.pydantic.dev/2.11/migration/
    @validator("connection_string")

.venv/lib/python3.12/site-packages/memori/config/settings.py:107
  /app/.venv/lib/python3.12/site-packages/memori/config/settings.py:107: PydanticDeprecatedSince20: Pydantic V1 style `@validator` validators are deprecated. You should migrate to Pydantic V2 style `@field_validator` validators, see the migration guide for more details. Deprecated in Pydantic V2.0 to be removed in V3.0. See Pydantic V2 Migration Guide at https://errors.pydantic.dev/2.11/migration/
    @validator("openai_api_key")

.venv/lib/python3.12/site-packages/pydantic/_internal/_config.py:323
  /app/.venv/lib/python3.12/site-packages/pydantic/_internal/_config.py:323: PydanticDeprecatedSince20: Support for class-based `config` is deprecated, use ConfigDict instead. Deprecated in Pydantic V2.0 to be removed in V3.0. See Pydantic V2 Migration Guide at https://errors.pydantic.dev/2.11/migration/
    warnings.warn(DEPRECATION_MESSAGE, DeprecationWarning)

.venv/lib/python3.12/site-packages/memori/database/models.py:25
  /app/.venv/lib/python3.12/site-packages/memori/database/models.py:25: MovedIn20Warning: The ``declarative_base()`` function is now available as sqlalchemy.orm.declarative_base(). (deprecated since: 2.0) (Background on SQLAlchemy 2.0 at: https://sqlalche.me/e/b8d9)
    Base: Any = declarative_base()

agents/tester_agent.py:7
  /app/agents/tester_agent.py:7: PytestCollectionWarning: cannot collect test class 'TesterAgent' because it has a __init__ constructor (from: tests/test_full_agent_chain.py)
    class TesterAgent:

-- Docs: https://docs.pytest.org/en/stable/how-to/capture-warnings.html
================== 30 passed, 1 skipped, 5 warnings in 4.87s ===================
